// Jest Snapshot v1, https://goo.gl/fbAQLP

exports[`renders correctly active button 1`] = `
<div
  className="lds-dual-ring"
/>
`;
