// Jest Snapshot v1, https://goo.gl/fbAQLP

exports[`Paginator component renders correctly without props and test context provider 1`] = `null`;
